Afcfp-n	APN
Afcfpoy	APOY
Afcfpry	APRY
Afcfson	ASON
Afcfsoy	ASOY
Afcfsrn	ASN
Afcfsry	ASRY
Afcmp-n	APN
Afcmpoy	APOY
Afcmpry	APRY
Afcms-n	ASN
Afp	A
Af	A
Afp-p-n	APN
Afp-p-ny	APN
Afp-poy	APOY
Afpf--n	AN
Afpf--ny	AN
Afpfp-n	APN
Afpfp-ny	APN
Afpfpon	APON
Afpfpoy	APOY
Afpfpoyy	APOY
Afpfpry	APRY
Afpfpryy	APRY
Afpfson	ASON
Afpfsony	ASON
Afpfsoy	ASOY
Afpfsoyy	ASOY
Afpfsrn	ASN
Afpfsrny	ASN
Afpfsry	ASRY
Afpfsryy	ASRY
Afpfsvn	ASVN
Afpfsvy	ASVY
Afpm--n	AN
Afpmp-n	APN
Afpmp-ny	APN
Afpmpoy	APOY
Afpmpoyy	APOY
Afpmpry	APRY
Afpmpryy	APRY
Afpms-n	ASN
Afpms-ny	ASN
Afpmsoy	ASOY
Afpmsoyy	ASOY
Afpmsry	ASRY
Afpmsryy	ASRY
Afpmsvn	ASVN
Afpmsvy	ASVY
Afs	A
Afsfp-n	APN
Afsfpoy	APOY
Afsfpry	APRY
Afsfson	ASON
Afsfsoy	ASOY
Afsfsrn	ASN
Afsfsry	ASRY
Afsmp-n	APN
Afsmpoy	APOY
Afsmpry	APRY
Afsms-n	ASN
Afsmsoy	ASOY
Afsmsry	ASRY
Afsmsvy	ASVY
Cccsp	C
Ccssp	C
Ccsspy	C
Crssp	CR
Cscsp	C
Csssp	C
Cssspy	C
Dd3-po---e	DMPO
Dd3-po---o	DMPO
Dd3fpo	DMPO
Dd3fpr	DMPR
Dd3fpr---e	DMPR
Dd3fpr---o	DMPR
Dd3fpr--y	DMPR
Dd3fso	DMSO
Dd3fso---e	DMSO
Dd3fso---o	DMSO
Dd3fsr	DMSR
Dd3fsr---e	DMSR
Dd3fsr---o	DMSR
Dd3fsr--ye	DMSR
Dd3fsr--yo	DMSR
Dd3mpo	DMPO
Dd3mpr	DMPR
Dd3mpr---e	DMPR
Dd3mpr---o	DMPR
Dd3mpr--y	DMPR
Dd3mpr--yo	DMPR
Dd3mso	DMSO
Dd3mso---e	DMSO
Dd3mso---o	DMSO
Dd3msr	DMSR
Dd3msr---e	DMSR
Dd3msr---o	DMSR
Dd3msr--y	DMSR
Dd3msr--yo	DMSR
Dh1fp	PSP
Dh1fs	PSS
Dh1fso	PSS
Dh1fsr	PSS
Dh1mp	PSP
Dh1ms	PSS
Dh2fp	PSP
Dh2fs	PSS
Dh2fso	PSS
Dh2fsr	PSS
Dh2mp	PSP
Dh2ms	PSS
Dh3fp	PSP
Dh3fs	PSS
Dh3fso	PSS
Dh3fsr	PSS
Dh3mp	PSP
Dh3ms	PSS
Di3	PI
Di3------e	PI
Di3-----y	PI
Di3--r	PI
Di3--r---e	PI
Di3-po	PI
Di3-po---e	PI
Di3-s----e	PI
Di3-sr	PI
Di3-sr---e	PI
Di3-sr--y	PI
Di3fp	PI
Di3fpr	PI
Di3fpr---e	PI
Di3fso	PI
Di3fso---e	PI
Di3fsr	PI
Di3fsr---e	PI
Di3mp	PI
Di3mpo	PI
Di3fpo	PI
Di3mpr	PI
Di3mpr---e	PI
Di3ms	PI
Di3ms----e	PI
Di3mso---e	PI
Di3msr	PI
Di3msr---e	PI
Di3msr--y	PI
Ds1fp-p	PSP
Ds1fp-s	PSP
Ds1fsop	PSS
Ds1fsos	PSS
Ds1fsos-y	PSS
Ds1fsrp	PSS
Ds1fsrs	PSS
Ds1fsrs-y	PSS
Ds1mp-p	PSP
Ds1mp-s	PSP
Ds1ms-p	PSS
Ds1ms-s	PSS
Ds1msrs-y	PSS
Ds2fp-p	PSP
Ds2fp-s	PSP
Ds2fsop	PSS
Ds2fsos	PSS
Ds2fsos-y	PSS
Ds2fsrp	PSS
Ds2fsrs	PSS
Ds2fsrs-y	PSS
Ds2---s	PS
Ps2---s	PS
Ds2mp-p	PSP
Ds2mp-s	PSP
Ds2ms-p	PSS
Ds2ms-s	PSS
Ds2msrs-y	PSS
Ds3---s	PS
Ds3---p	PS
Ds3fp-s	PSP
Ds3fsos	PSS
Ds3fsos-y	PSS
Ds3fsrs	PSS
Ds3fsrs-y	PSS
Ds3mp-s	PSP
Ds3ms-s	PSS
Ds3msrs-y	PSS
Dw3--r---e	RELR
Dw3-po	RELO
Dw3-po---e	RELO
Dw3fpr	RELR
Dw3fso---e	RELO
Dw3fsr	RELR
Dw3mpr	RELR
Dw3mso---e	RELO
Dw3msr	RELR
Dz3-po---e	PI
Dz3fso---e	PI
Dz3fsr---e	PI
Dz3mpr---e	PI
Dz3mso---e	PI
Dz3msr---e	PI
I	I
Mc	M
Mc-p-d	M
Mc-p-l	M
Mc-p-r	M
Mc-s-d	M
Mc-s-r	M
Mcfp-l	M
Mcfp-ln	M
Mcfp-rn	M
Mcfpoly	M
Mcfprln	M
Mcfprly	M
Mcfsoln	M
Mcfsoly	M
Mcfsrln	M
Mcfsrly	M
Mcmp-l	M
Mcfs-l	M
Mcms-ln	M
Mcmsoly	M
Mcmsrl	M
Mcmsrly	M
Mffpoly	M
Mffprln	M
Mffprly	M
Mffsoln	M
Mffsoly	M
Mffsrln	M
Mffsrly	M
Ml-po	M
Ml-pr	M
Mlfpo	M
Mlfpr	M
Mlmpo	M
Mlmpr	M
Mmfp--n	M
Mmfp--ny	M
Mmfpo-y	M
Mmfpo-yy	M
Mmfpr-y	M
Mmfpr-yy	M
Mmfso-n	M
Mmfso-ny	M
Mmfso-y	M
Mmfso-yy	M
Mmfsr-n	M
Mmfsr-ny	M
Mmfsr-y	M
Mmfsr-yy	M
Mmmpo-y	M
Mmmpo-yy	M
Mmmpr-n	M
Mmmpr-ny	M
Mmmpr-y	M
Mmmpr-yy	M
Mmmso-y	M
Mmmso-yy	M
Mmmsr-n	M
Mmmsr-ny	M
Mmmsr-y	M
Mmmsr-yy	M
Mo	M
Mo---l	M
Mo---ln	M
Mo---lny	M
Mo-s-r	M
Mofp-ln	M
Mofpoly	M
Mofpolyy	M
Mofprly	M
Mofprlyy	M
Mofs-l	M
Mofsoln	M
Mofsoly	M
Mofsolyy	M
Mofsrln	M
Mofsrly	M
Mofsrlyy	M
Momp-ln	M
Mompoly	M
Mompolyy	M
Momprly	M
Momprlyy	M
Moms-l	M
Moms-ln	M
Momsoly	M
Momsolyy	M
Momsrly	M
Momsrlyy	M
Nc	NN
Ncm	NN
Nc---n	NN
Nc-s-ny	NSN
Ncf--n	NN
Ncf--ny	NN
Ncfp-n	NPN
Ncfp-ny	NPN
Ncfpoy	NPOY
Ncfpoyy	NPOY
Ncfpry	NPRY
Ncfpryy	NPRY
Ncfpvy	NPVY
Ncfs-n	NSN
Ncfson	NSON
Ncfsony	NSON
Ncfsoy	NSOY
Ncfsoyy	NSOY
Ncfsrn	NSRN
Ncfsrny	NSRN
Ncfsry	NSRY
Ncfsryy	NSRY
Ncfsvy	NSVY
Ncm--n	NN
Ncmp-n	NPN
Ncmp-ny	NPN
Ncmpoy	NPOY
Ncmpoyy	NPOY
Ncmpry	NPRY
Ncmpryy	NPRY
Ncmpvy	NPVY
Ncms-n	NSN
Ncms-ny	NSN
Ncms-y	NSY
Ncmsoy	NSOY
Ncmsoyy	NSOY
Ncmsrny	NSRN
Ncmsrn	NSRN
Ncmsry	NSRY
Ncmsryy	NSRY
Ncmsvn	NSVN
Ncmsvny	NSVN
Ncmsvy	NSVY
Ncfsvn	NSVN
Np	NP
Npfp-n	NP
Npfpoy	NP
Npfpry	NP
Npfs-n	NP
Npfson	NP
Npfsoy	NP
Npfsrn	NP
Npfsry	NP
Npfsvy	NP
Npmp-n	NP
Npmpoy	NP
Npmpry	NP
Npms-n	NP
Npms-y	NP
Npmsoy	NP
Npmsry	NP
Npmsvn	NP
Npmsvy	NP
Pd3-po	DMPO
Pd3fpo	DMPO
Pd3fpr	DMPR
Pd3fpr--y	DMPR
Pd3fso	DMSO
Pd3fsr	DMSR
Pd3fsr--y	DMSR
Pd3mpo	DMPO
Pd3mpr	DMPR
Pd3mpr--y	DMPR
Pd3mso	DMSO
Pd3msr	DMSR
Pd3msr--y	DMSR
Pi3	PI
Pi3-pr	PI
Pi3--r	PI
Pi3-po	PI
Pi3-so	PI
Pi3-sr	PI
Pi3fpr	PI
Pi3fso	PI
Pi3fsr	PI
Pi3mpr	PI
Pi3mpo	PI
Pi3fpo	PI
Pi3mso	PI
Pi3msr	PI
Pi3msr--y	PI
Pp1-pa--------w	PPPA
Pp1-pa--y-----w	PPPA
Pp1-pd--------s	PPPD
Pp1-pd--------w	PPPD
Pp1-pd--y-----w	PPPD
Pp1-pr--------s	PPPR
Pp1-sa--------s	PPSA
Pp1-sa--------w	PPSA
Pp1-sa--y-----w	PPSA
Pp1-sd--------s	PPSD
Pp1-sd--------w	PPSD
Pp1-sd--y-----w	PPSD
Pp1-sn--------s	PPSN
Pp1-sr--------s	PPSR
Pp2-----------s	PP
Pp2-pa--------w	PPPA
Pp2-pa--y-----w	PPPA
Pp2-pd--------s	PPPD
Pp2-pd--------w	PPPD
Pp2-pd--y-----w	PPPD
Pp2-po--------s	PPPO
Pp2-pr--------s	PPPR
Pp2-s---------s	PP
Pp2-sa--------s	PPSA
Pp2-sa--------w	PPSA
Pp2-sa--y-----w	PPSA
Pp2-sd--------s	PPSD
Pp2-sd--------w	PPSD
Pp2-sd--y-----w	PPSD
Pp2-sn--------s	PPSN
Pp2-so--------s	PPSO
Pp2-sr--------s	PPSR
Pp3-p---------s	PPP
Pp3-pd--------w	PPPD
Pp3-pd--y-----w	PPPD
Pp3-po--------s	PPPO
Pp3-pr--------s	PPPR
Pp3-sd--------w	PPSD
Pp3-sd--y-----w	PPSD
Pp3-so--------s	PPSO
Pp3-sr--------s	PPSR
Pp3fpa--------w	PPPA
Pp3fpa--y-----w	PPPA
Pp3fpo--------s	PPPO
Pp3fpr--------s	PPPR
Pp3fpr--y-----s	PPPR
Pp3fs---------s	PPS
Pp3fsa--------w	PPSA
Pp3fsa--y-----w	PPSA
Pp3fso--------s	PPSO
Pp3fsr--------s	PPSR
Pp3fsr--y-----s	PPSR
Pp3mpa--------w	PPPA
Pp3mpa--y-----w	PPPA
Pp3mpo--------s	PPPO
Pp3mpr--------s	PPPR
Pp3mpr--y-----s	PPPR
Pp3ms---------s	PPS
Pp3msa--------w	PPSA
Pp3msa--y-----w	PPSA
Pp3mso--------s	PPSO
Pp3msr--------s	PPSR
Pp3msr--y-----s	PPSR
Ps1fp-p	PSP
Ps1fp-s	PSP
Ps1fsrp	PSS
Ps1fsrs	PSS
Ps1mp-p	PSP
Ps1mp-s	PSP
Ps1mprp	PSP
Ps1mprs	PSP
Ps1ms-p	PSS
Ps1ms-s	PSS
Ps2fp-p	PSP
Ps2fp-s	PSP
Ps2fsrp	PSS
Ps2fsrs	PSS
Ps2mp-p	PSP
Ps2mp-s	PSP
Ps2mprp	PSP
Ps2mprs	PSP
Ps2ms-p	PSS
Ps2ms-s	PSS
Ps2msrs-y	PSS
Ps3fp-s	PSP
Ps3fsrs	PSS
Ps3mp-s	PSP
Ps3mprs	PSP
Ps3ms-s	PSS
Ps3---s	PS
Ps3---p	PS
Pw3--r	RELR
Pw3-po	RELO
Pw3-so	RELO
Pw3fpr	RELR
Pw3fso	RELO
Pw3fsr	RELR
Pw3mpr	RELR
Pw3mso	RELO
Pw3msr	RELR
Px3--a--------s	PXA
Px3--a--------w	PXA
Px3--a--y-----w	PXA
Px3--d--------s	PXD
Px3--d--------w	PXD
Px3--d--y-----w	PXD
Pz3-po	PI
Pz3-so	PI
Pz3-sr	PI
Pz3fpr	PI
Pz3fso	PI
Pz3fsr	PI
Pz3mpr	PI
Pz3mso	PI
Pz3msr	PI
Qf	QF
Qf-y	QF
Qn	QN
Qn-y	QN
Qs	QS
Qs-y	QS
Qz	QZ
Qz-y	QZ
Rc	RC
Rgc	R
Rgp	R
Rgpy	R
Rgs	R
Rp	R
Rp-y	R
Rw	R
Rw-y	R
Rz	R
Spca	S
Spcg	S
Spsa	S
Spsay	S
Spsd	S
Spsg	S
Spsgy	S
Sp	S
Td-po	TPO
Tdfpr	TPR
Tdfso	TSO
Tdfsr	TSR
Tdmpr	TPR
Tdmso	TSO
Tdmsr	TSR
Tf-so	TSO
Tffpoy	TPO
Tffpry	TPR
Tffs-y	TS
Tf-s-y	TS
Tffsoy	TSO
Tfmpoy	TPO
Tfmpry	TPR
Tfms-y	TS
Tfmsoy	TSO
Tfmsry	TSR
Ti-po	TPO
Tifp-y	TP
Tifso	TSO
Tifsoy	TSO
Tifsr	TSR
Tifsry	TSR
Timp-y	TP
Timso	TSO
Timsr	TSR
Timsry	TSR
Ts-po	TPO
Tsfp	TP
Tsfs	TS
Tsmp	TP
Tsms	TS
Va	VA
Va--1	VA1
Va--1-----y	VA1
Va--1p	VA1P
Va--1s	VA1S
Va--1s----y	VA1S
Va--2p	VA2P
Va--2p----y	VA2P
Va--2s	VA2S
Va--2s----y	VA2S
Va--3	VA3
Va--3-----y	VA3
Va--3p	VA3P
Va--3p----y	VA3P
Va--3s	VA3S
Va--3s----y	VA3S
Vaip3s----y	VA3S
Vaip1s----y	VA1S
Vaip3p----y	VA3P
Vaip1s	VA1S
Vais1s	VA1S
Vail2s	VA2S
Vail3s	VA3S
Vaip3s	VA3S
Vaii3s	VA3S
Vais3s	VA3S
Vais2s	VA2S
Vaip2s	VA2S
Vaii2s	VA2S
Vaip1p	VA1P
Vais1p	VA1P
Vail1p	VA1P
Vail2p	VA2P
Vail3p	VA3P
Vaip3p	VA3P
Vaii3p	VA3P
Vais3p	VA3P
Vais2p	VA2P
Vaip2p	VA2P
Vaii2p	VA2P
Vaii1	VA1
Vail1s	VA1S
Vasp3	VA3
Vam-2s	VA2S
Vam-2p	VA2P
Vasp1p	VA1P
Vasp2p	VA2P
Vasp1s	VA1S
Vasp2s	VA2S
Vag	VA
Vag-------y	VA
Vap--sm---y	VA
Vap--sm	VA
Vanp	VA
Vmg	VG
Vmg-------y	VG
Vmii1	V1
Vmii1-----y	V1
Vmii1p	V1
Vmii1s	V1
Vmii2p	V2
Vmii2p----y	V2
Vmii2s	V2
Vmii2s----y	V2
Vmii3p	V3
Vmii3p----y	V3
Vmii3s	V3
Vmii3s----y	V3
Vmil1p	V1
Vmil1p----y	V1
Vmil1s	V1
Vmil1s----y	V1
Vmil1	V1
Vmil1-----y	V1
Vmil2p	V2
Vmil2p----y	V2
Vmil2s	V2
Vmil2s----y	V2
Vmil3p	V3
Vmil3p----y	V3
Vmil3s	V3
Vmil3s----y	V3
Vmip1p	V1
Vmip1p----y	V1
Vmip1s	V1
Vmip1s----y	V1
Vmip2p	V2
Vmip2p----y	V2
Vmip2s	V2
Vmip2s----y	V2
Vmip3	V3
Vmip3-----y	V3
Vmip3p	V3
Vmip3p----y	V3
Vmip3s	V3
Vmip3s----y	V3
Vmis1p	V1
Vmis1p----y	V1
Vmis1s	V1
Vmis1s----y	V1
Vmis2p	V2
Vmis2p----y	V2
Vmis2s	V2
Vmis2s----y	V2
Vmis3p	V3
Vmis3p----y	V3
Vmis3s	V3
Vmis3s----y	V3
Vmm-2p	V2
Vmm-2p----y	V2
Vmm-2s	V2
Vmm-2s----y	V2
Vmnp	VN
Vmnp------y	VN
Vmp--pf	VPPF
Vmp--pf---y	VPPF
Vmp--pm	VPPM
Vmp--pm---y	VPPM
Vmp--sf	VPSF
Vmp--sf---y	VPSF
Vmp--sm	VPSM
Vmp--sm---y	VPSM
Vmsp1p	V1
Vmsp1s	V1
Vmsp2p	V2
Vmsp2s	V2
Vmsp3	V3
Vmsp3-----y	V3
Vmsp3s	V3
Vmsp3s----y	V3
Vmsp3p	V3
Vmsp3p----y	V3
X	X
Y	Y
Ya	Y
Yn	Y
Ynfpvy	Y
Ynfsoy	Y
Ynfsry	Y
Ynmpoy	Y
Ynmpry	Y
Ynmpvy	Y
Ynmsoy	Y
Ynmsry	Y
Ynmsvy	Y
Yp	Y
Yp-p	Y
Yp-so	Y
Yp-sr	Y
Ypfpr	Y
Ypfs	Y
Ypfso	Y
Ypfsr	Y
Ypmpr	Y
Ypms	Y
Ypmso	Y
Ypmsr	Y
Yr	Y
Yv	Y
Eni	M
Enr	M
Etp	M
Etd	NN
Eqy	NN
Eqt	NN
Eqd	NN
Eqa	NN
Eqm	NN
Eqv	NN
Ed	NP
Edp	NP
Edpm	NP
Edpf	NP
Edl	NP
Edlc	NP
Edly	NP
Eiy	M
Eid	NN
Eii	M
Eir	M
